<section><article class="content"><h2 id="introduction">Introduction</h2><p>This is an introduction in <strong><em>Markdown</em></strong> format.</p>
<p>It will hopefully be compiled correctly.</p>
<h2 id="content">Content</h2><p>This is test content to be rendered.</p>
<pre><code class="language-html">&lt;section&gt;
    &lt;p&gt;I wonder if this also works?&lt;/p&gt;
&lt;/section&gt;
</code></pre>
<h2 id="conclusion">Conclusion</h2><p>Finally, I hope that:</p>
<ul>
<li>This works;</li>
<li>It works well;</li>
<li>It work really well.</li>
</ul>
</article><aside class="sidebar"><nav><ul class="nav"><li><a href="#introduction">Introduction</a></li><li><a href="#content">Content</a></li><li><a href="#conclusion">Conclusion</a></li></ul></nav></aside></section>